ok  	github.com/u236/homed-mcp/cmd/server	(cached)
ok  	github.com/u236/homed-mcp/internal/config	(cached)
ok  	github.com/u236/homed-mcp/internal/homedweb	(cached)
?   	github.com/u236/homed-mcp/internal/logger	[no test files]
ok  	github.com/u236/homed-mcp/internal/mcp	(cached)
ok  	github.com/u236/homed-mcp/internal/mqtt	(cached)
ok  	github.com/u236/homed-mcp/internal/recorder	(cached)
